Query         T0810-D1 | T0810-D1 | 113 aa | generated using PDB2FASTA.py (c) T.KOSCIOLEK
Match_columns 113
No_of_seqs    1 out of 1
Neff          1
Searched_HMMs 36595
Date          Wed Dec  7 17:07:29 2016
Command       /projects/microprot/tools/hhsuite-3.0.0/build/bin/hhsearch -i T0810-D1.fasta -e 0.001 -d /projects/microprot/dbs/pdb70/pdb70 -o T0810-D1.fasta.out 

 No Hit                             Prob E-value P-value  Score    SS Cols Query HMM  Template HMM
  1 2xqo_A Cellulosome enzyme, doc  31.5      18  0.0005   28.9   0.0   38   71-108    43-80  (243)
  2 2ld7_A Histone deacetylase com  27.2      24 0.00066   23.4   0.0   16   86-101    48-63  (94)
  3 3eoq_A Putative zinc protease;  24.1      30 0.00083   24.1   0.0   81   19-99    122-205 (406)
  4 4h0e_A Arabinose metabolism tr  17.7      50  0.0014   19.2   0.0   27   35-61      8-34  (88)
  5 3hdi_A Processing protease; CA  16.4      57  0.0016   23.0   0.0   81   20-100   124-206 (421)
  6 3qbz_A DDK kinase regulatory s  14.6      67  0.0018   23.3   0.0   56   14-74     42-109 (160)
  7 1v54_H AED, cytochrome C oxida  14.3      70  0.0019   20.3   0.0   25   82-110    60-84  (85)
  8 4nnz_A Probable zinc protease;  13.7      74   0.002   22.2   0.0   73   28-100   138-213 (439)
  9 1hr6_B Beta-MPP, mitochondrial  12.5      84  0.0023   22.0   0.0   81   20-100   129-212 (443)
 10 4xea_A Peptidase M16 domain pr  12.1      89  0.0024   21.6   0.0   80   21-100   135-217 (423)

No 1
>2xqo_A Cellulosome enzyme, dockerin type I; hydrolase; HET: MSE CTR; 1.40A {Clostridium thermocellum}
Probab=31.45  E-value=18  Score=28.87  Aligned_cols=38  Identities=29%  Similarity=0.348  Sum_probs=30.9  Template_Neff=1.400

Q T0810-D1         71 ENEIRDENNRALVSGCKEELLAQVDEHFDEQRESMSVP  108 (113)
Q Consensus        71 eneirdennralvsgckeellaqvdehfdeqresmsvp  108 (113)
                      ..|||.-|...-|+..|-.|..|||||+|-.+.....|
T Consensus        43 ~~Ei~A~~~~m~VqEVK~~l~KeiDEHWdlI~~~~G~~   80 (243)
T 2xqo_A           43 KHELIARASSLKVSEVKAIIKKQVDEHWDVIRDVCGFK   80 (243)
T ss_dssp             HHHHHHHHHHCCHHHHHHHHHHHHHHTHHHHHHHHCCS
T ss_pred             HHHHHHHhccccHHHHHHHHHHHHHHHHHHHHHHhCCC
Confidence            35788888888999999999999999999766544433


No 2
>2ld7_A Histone deacetylase complex subunit SAP30; transcription; NMR {Mus musculus}
Probab=27.22  E-value=24  Score=23.40  Aligned_cols=16  Identities=31%  Similarity=0.403  Sum_probs=14.3  Template_Neff=5.400

Q T0810-D1         86 CKEELLAQVDEHFDEQ  101 (113)
Q Consensus        86 ckeellaqvdehfdeq  101 (113)
                      -|++|+..|..||..+
T Consensus        48 sK~~La~aV~kHF~~~   63 (94)
T 2ld7_A           48 NKAQLVEIVGCHFKSI   63 (94)
T ss_dssp             CHHHHHHHHHHHHTTC
T ss_pred             CHHHHHHHHHHHHHcC
Confidence            3999999999999976


No 3
>3eoq_A Putative zinc protease; two similar domains of beta(2)-alpha(2)-beta(2)-alpha(5)- beta structure, hydrolase; 2.29A {Thermus thermophilus}
Probab=24.13  E-value=30  Score=24.14  Aligned_cols=81  Identities=14%  Similarity=0.172  Sum_probs=47.0  Template_Neff=10.300

Q T0810-D1         19 TLVEWENSEANPEALFANWRHEFMVDSSKRESMKTELCKELQALPAQDLTLFENEIRDENNR-ALVSGC--KEELLAQVD   95 (113)
Q Consensus        19 tlvewenseanpealfanwrhefmvdsskresmktelckelqalpaqdltlfeneirdennr-alvsgc--keellaqvd   95 (113)
                      .+-+++....+|+.++...-++.+...........--.+.++.+...|+.-|-+..-..+|- ..+.|-  .+++++.+.
T Consensus       122 ~~~e~~~~~~~p~~~~~~~~~~~~~~~~p~~~~~~g~~~~i~~it~~~l~~f~~~~~~~~~~~l~i~Gd~~~~~~~~~i~  201 (406)
T 3eoq_A          122 ILEEIARYQDRPGFMAYEWARARFFQGHPLGNSVLGTRESITALTREGMAAYHRRRYLPKNMVLAATGRVDFDRLLAEAE  201 (406)
T ss_dssp             HHHHHHHHHHCHHHHHHHHHHHHHHTTCGGGCCSSCCHHHHHHCCHHHHHHHHHHHCCGGGEEEEEEESCCHHHHHHHHH
T ss_pred             HHHHHHHhhcCHHHHHHHHHHHHhhCCCCCCCCCCCCHHHHHhcCHHHHHHHHHhccCcccEEEEEEcCCCHHHHHHHHH
Confidence            34566666778887777766666654322222111124567778888887776666554443 345552  456666666


Q T0810-D1         96 EHFD   99 (113)
Q Consensus        96 ehfd   99 (113)
                      ..|.
T Consensus       202 ~~~~  205 (406)
T 3eoq_A          202 RLTE  205 (406)
T ss_dssp             HHHT
T ss_pred             HHhc
Confidence            6655


No 4
>4h0e_A Arabinose metabolism transcriptional repressor; winged helix turn helix, transcription factor, DNA, transcri complex; 1.97A {Bacillus subtilis} PDB: 4egz_A 4egy_A 5d4r_A* 5d4s_A*
Probab=17.70  E-value=50  Score=19.18  Aligned_cols=27  Identities=7%  Similarity=-0.090  Sum_probs=10.0  Template_Neff=8.600

Q T0810-D1         35 ANWRHEFMVDSSKRESMKTELCKELQA   61 (113)
Q Consensus        35 anwrhefmvdsskresmktelckelqa   61 (113)
                      -+|++.++.+..++.+....+...+..
T Consensus         8 ~~~~~~~~~~~~~~~~~~~~i~~~l~~   34 (88)
T 4h0e_A            8 LEVLFQGPLGSEFMLPKYAQVKEEISS   34 (88)
T ss_dssp             -----------CCCCCHHHHHHHHHHH
T ss_pred             hheeeeeecccccCCCHHHHHHHHHHH
Confidence            378888888887777666666655543


No 5
>3hdi_A Processing protease; CAGE structure, M16B peptidase, metallopeptidase, peptidasome, protease, hydrolase; 2.70A {Bacillus halodurans c-125}
Probab=16.37  E-value=57  Score=22.96  Aligned_cols=81  Identities=12%  Similarity=0.185  Sum_probs=44.5  Template_Neff=10.200

Q T0810-D1         20 LVEWENSEANPEALFANWRHEFMVDSSKRESMKTELCKELQALPAQDLTLFENEIRDENNRA-LVSGC-KEELLAQVDEH   97 (113)
Q Consensus        20 lvewenseanpealfanwrhefmvdsskresmktelckelqalpaqdltlfeneirdennra-lvsgc-keellaqvdeh   97 (113)
                      +.++...+.+|+.++..--++.+-..........-..+.|..+...++..|-......+|.. .+.|- .+++.+.+.+.
T Consensus       124 ~~e~~~~~~~~~~~~~~~~~~~~~~~~~~~~~~~g~~~~l~~it~~~l~~~~~~~~~~~~~~l~i~Gd~~~~~~~~~~~~  203 (421)
T 3hdi_A          124 FEEIKMVDDTPDDIVHDLLSSATYGKHSLGYPILGTVETLNSFNEGMLRHYMDRFYTGDYVVISVAGNVHDELIDKIKET  203 (421)
T ss_dssp             HHHHHHHHTCHHHHHHHHHHHHHHTTSGGGSCTTCCHHHHHHCCHHHHHHHHHHHSSTTTEEEEEEESCCHHHHHHHHHH
T ss_pred             HHHHHHhhCCHHHHHHHHHHHHHhcCCCCCCCCcCCHHHHhhCCHHHHHHHHHhhCCcCcEEEEEecCchHHHHHHHHHH
Confidence            34555555667665544333333322222111111234566777788888888877777665 35553 45666666666


Q T0810-D1         98 FDE  100 (113)
Q Consensus        98 fde  100 (113)
                      |..
T Consensus       204 ~~~  206 (421)
T 3hdi_A          204 FSQ  206 (421)
T ss_dssp             TTS
T ss_pred             hcC
Confidence            643


No 6
>3qbz_A DDK kinase regulatory subunit DBF4; FHA domain,RAD53, replication checkpoint, cell cycle; 2.69A {Saccharomyces cerevisiae}
Probab=14.62  E-value=67  Score=23.33  Aligned_cols=56  Identities=21%  Similarity=0.376  Sum_probs=34.3  Template_Neff=5.000

Q T0810-D1         14 NQSAQTLVEWENSEANPEALFA-NWRHEFMVDSSKRESM-----------KTELCKELQALPAQDLTLFENEI   74 (113)
Q Consensus        14 nqsaqtlvewenseanpealfa-nwrhefmvdsskresm-----------ktelckelqalpaqdltlfenei   74 (113)
                      ..+.+.+.+|...   --..|. +|.--|  |.....+.           +..|.+.++.|+|.--..|.+++
T Consensus        42 ~~~~~~l~eWq~k---wrk~fp~~~vFYF--D~~~~~~~~~~~~~~~~~~~~~l~~~i~~LGA~Ie~FFs~~V  109 (160)
T 3qbz_A           42 RVTPKELLEWQTN---WKKIMKRDSRIYF--DITDDVEMNTYNKSKMDKRRDLLKRGFLTLGAQITQFFDTTV  109 (160)
T ss_dssp             SSCHHHHHHHHHH---HHHHHHHHCEEEE--CCCCSSCCCHHHHHHHHHHHHHHHHHHHTTTCEEESSCCTTC
T ss_pred             ccCHHHHHHHHHH---HHHhcCCCcEEEE--eCCCchhhhhhhhhhhHHHHHHHHHHHHHcCCEEeeecCCCe
Confidence            3445566777653   334555 564433  33332222           46778889999999988887765


No 7
>1v54_H AED, cytochrome C oxidase polypeptide VIB; oxidoreductase; HET: FME TPO HEA TGL PGV CHD CDL PEK PSC DMU; 1.80A {Bos taurus} SCOP: a.51.1.1 PDB: 1oco_H* 1occ_H* 1ocz_H* 1ocr_H* 1v55_H* 2dyr_H* 2dys_H* 2eij_H* 2eik_H* 2eil_H* 2eim_H* 2ein_H* 2occ_H* 2ybb_S* 2zxw_H* 3abk_H* 3abl_H* 3abm_H* 3ag1_H* 3ag2_H* 3ag3_H* 3ag4_H* 3asn_H* 3aso_H* 3wg7_H* 3x2q_H* 2y69_H*
Probab=14.25  E-value=70  Score=20.33  Aligned_cols=25  Identities=24%  Similarity=0.478  Sum_probs=17.5  Template_Neff=6.100

Q T0810-D1         82 LVSGCKEELLAQVDEHFDEQRESMSVPGH  110 (113)
Q Consensus        82 lvsgckeellaqvdehfdeqresmsvpgh  110 (113)
                      .-+-|..+.+    +|||++|+....||.
T Consensus        60 y~~~CP~sWV----~~fde~R~~g~f~~~   84 (85)
T 1v54_H           60 YKSLCPISWV----STWDDRRAEGTFPGK   84 (85)
T ss_dssp             HHHHSCHHHH----HHHHHHHHHTCCCSC
T ss_pred             HHccChHHHH----HHHHHHHHcCCCCCC
Confidence            3445655443    799999998887774


No 8
>4nnz_A Probable zinc protease; zinc finger, outer membrane, hydrolase; 2.48A {Pseudomonas aeruginosa}
Probab=13.71  E-value=74  Score=22.23  Aligned_cols=73  Identities=21%  Similarity=0.201  Sum_probs=42.6  Template_Neff=10.500

Q T0810-D1         28 ANPEALFANWRHEFMVDSSKRESMKTELCKELQALPAQDLTLFENEIRD-ENNRALVSGC--KEELLAQVDEHFDE  100 (113)
Q Consensus        28 anpealfanwrhefmvdsskresmktelckelqalpaqdltlfeneird-ennralvsgc--keellaqvdehfde  100 (113)
                      .+|..++..--++.+...+..........+.|+.+...|+.-|-+.... .|-...++|-  .+++...+...|..
T Consensus       138 ~~~~~~~~~~~~~~~~~~~~~~~~~~g~~~~l~~it~~~l~~f~~~~~~~~~~~i~i~Gd~~~~~~~~~i~~~~~~  213 (439)
T 4nnz_A          138 DNPNALAFERFKAAAYPASGYHTPTIGWMADLQRMTIDDLRHWYESWYAPNNATLVVVGDVTADEVKTLAKRYFGE  213 (439)
T ss_dssp             SSHHHHHHHHHHHHHCSSSGGGSCTTCCHHHHHHCCHHHHHHHHHHHCCGGGEEEEEEESCCHHHHHHHHHHHHTT
T ss_pred             CChHHHHHHHHHHhccCCCCCCCCCCCCHHHHhcCCHHHHHHHHHHhcCCCceEEEEEcCCCHHHHHHHHHHHhcc
Confidence            4665554444444444333332222224457888888888887776544 4445567775  45677777777765


No 9
>1hr6_B Beta-MPP, mitochondrial processing peptidase beta subunit; hxxeh zinc-binding motif, hydrolase; HET: EPE; 2.50A {Saccharomyces cerevisiae} SCOP: d.185.1.1 d.185.1.1 PDB: 1hr7_B 1hr8_B* 1hr9_B*
Probab=12.55  E-value=84  Score=21.98  Aligned_cols=81  Identities=14%  Similarity=0.155  Sum_probs=43.5  Template_Neff=10.500

Q T0810-D1         20 LVEWENSEANPEALFANWRHEFMVDSSKRESMKTELCKELQALPAQDLTLFENEIRDENNR-ALVSGC--KEELLAQVDE   96 (113)
Q Consensus        20 lvewenseanpealfanwrhefmvdsskresmktelckelqalpaqdltlfeneirdennr-alvsgc--keellaqvde   96 (113)
                      +.+++....+|..++..--++.+-...........-.+.+..+...|+.-|-+..-..+|- ..+.|.  .+++.+.|.+
T Consensus       129 ~~~~~~~~~~~~~~~~~~l~~~~~~~~p~~~~~~g~~~~l~~it~~~l~~f~~~~~~~~~~~l~ivGd~~~~~~~~~i~~  208 (443)
T 1hr6_B          129 IRESEEVDKMYDEVVFDHLHEITYKDQPLGRTILGPIKNIKSITRTDLKDYITKNYKGDRMVLAGAGAVDHEKLVQYAQK  208 (443)
T ss_dssp             HHHHHHHTTCHHHHHHHHHHHHHTTTSGGGSCSSCCHHHHHHCCHHHHHHHHHHHCCGGGEEEEEEESCCHHHHHHHHHH
T ss_pred             HHHHHhhhcChHHHHHHHHHHHHhCCCCCCCCCCCCHHHHhhCCHHHHHHHHHHcCCCCcEEEEEecCCCHHHHHHHHHH
Confidence            3344455556655533322333332211111111224567778888888777766555554 345564  4678888888


Q T0810-D1         97 HFDE  100 (113)
Q Consensus        97 hfde  100 (113)
                      .|..
T Consensus       209 ~~~~  212 (443)
T 1hr6_B          209 YFGH  212 (443)
T ss_dssp             HHTT
T ss_pred             Hhcc
Confidence            8764


No 10
>4xea_A Peptidase M16 domain protein; metallopeptidase, structural genomics, PSI-biology, midwest for structural genomics, MCSG; 1.95A {Alicyclobacillus acidocaldarius subsp}
Probab=12.10  E-value=89  Score=21.62  Aligned_cols=80  Identities=13%  Similarity=0.110  Sum_probs=43.1  Template_Neff=10.600

Q T0810-D1         21 VEWENSEANPEALFANWRHEFMVDSSKRESMKTELCKELQALPAQDLTLFENEIRDENNR-ALVSGC--KEELLAQVDEH   97 (113)
Q Consensus        21 vewenseanpealfanwrhefmvdsskresmktelckelqalpaqdltlfeneirdennr-alvsgc--keellaqvdeh   97 (113)
                      -|+.....+|+.++..--++.+-..+....-..--.+.+..+...|+.-|-+..-..+|- ..+.|.  .+++...+.++
T Consensus       135 ~ei~~~~~~~~~~~~~~~~~~~~~~~~~~~~~~G~~~~l~~it~~~l~~~~~~~y~~~~~~lvi~Gd~~~~~~~~l~~~~  214 (423)
T 4xea_A          135 QEIHMVNDHPDRRAYMELLRAMYHEHPVRIDIAGTVESVRAITKEQLLLCYDTFYHPSNMVLVIAGGFDADEIAHVIEEN  214 (423)
T ss_dssp             HHHHHHHSCHHHHHHHHHHHHHCSSCGGGSCTTCCHHHHHHCCHHHHHHHHHHHCSGGGEEEEEEESSCHHHHHHHHHHH
T ss_pred             HHHHHhcCChHHHHHHHHHHHhcccCCCCCCCCCCHHHHhhCCHHHHHHHHHHhCCccceEEEEECCCCHHHHHHHHHHh
Confidence            345455556665543322333332221111111234567888888888887776655444 456666  45677777776


Q T0810-D1         98 FDE  100 (113)
Q Consensus        98 fde  100 (113)
                      |..
T Consensus       215 ~~~  217 (423)
T 4xea_A          215 QAK  217 (423)
T ss_dssp             HHT
T ss_pred             hcc
Confidence            653


